[     969ms] [ERROR] Failed to load resource: the server responded with a status of 406 () @ https://ltcmkduqkauwdsddofnk.supabase.co/rest/v1/webinar_sessions?select=id&session_id=eq.session_1784248189720_4uoblnun905&webinar_id=eq.63d2a33a-2519-44ba-a12f-f098b9f4290e:0
[     984ms] [LOG] ✅ Page view tracked for webinar: 63d2a33a-2519-44ba-a12f-f098b9f4290e @ https://www.webinarwiz.com/_next/static/chunks/741-47f054074a4b3c56.js:0
[     987ms] [LOG] 🎬 Fetching video settings from Supabase... @ https://www.webinarwiz.com/_next/static/chunks/app/w/%5Bslug%5D/page-eeba691d19be9ac7.js:0
[    1005ms] [LOG] ⏰ Current time in America/New_York: {day: 4, hour: 20, minute: 29} @ https://www.webinarwiz.com/_next/static/chunks/app/w/%5Bslug%5D/page-eeba691d19be9ac7.js:0
[    1006ms] [LOG] ⏰ Time range check: 735 <= 1229 <= 1425 @ https://www.webinarwiz.com/_next/static/chunks/app/w/%5Bslug%5D/page-eeba691d19be9ac7.js:0
[    1006ms] [LOG] ⏰ Within schedule: true @ https://www.webinarwiz.com/_next/static/chunks/app/w/%5Bslug%5D/page-eeba691d19be9ac7.js:0
[    1006ms] [LOG] ⏰ Schedule check result: WITHIN SCHEDULE @ https://www.webinarwiz.com/_next/static/chunks/app/w/%5Bslug%5D/page-eeba691d19be9ac7.js:0
[    1107ms] [LOG] ✅ New session created: session_1784248189720_4uoblnun905 @ https://www.webinarwiz.com/_next/static/chunks/741-47f054074a4b3c56.js:0
[    1144ms] [LOG] 📊 Supabase response: {data: Object, error: null} @ https://www.webinarwiz.com/_next/static/chunks/app/w/%5Bslug%5D/page-eeba691d19be9ac7.js:0
[    1144ms] [LOG] ✅ Setting video ID: TpRkvbJT_io Duration: 2367 @ https://www.webinarwiz.com/_next/static/chunks/app/w/%5Bslug%5D/page-eeba691d19be9ac7.js:0
[   31909ms] [ERROR] Failed to load resource: the server responded with a status of 406 () @ https://ltcmkduqkauwdsddofnk.supabase.co/rest/v1/webinar_engagement?select=id&session_id=eq.session_1784248189720_4uoblnun905&webinar_id=eq.63d2a33a-2519-44ba-a12f-f098b9f4290e:0
[   61010ms] [LOG] ⏰ Current time in America/New_York: {day: 4, hour: 20, minute: 30} @ https://www.webinarwiz.com/_next/static/chunks/app/w/%5Bslug%5D/page-eeba691d19be9ac7.js:0
[   61010ms] [LOG] ⏰ Time range check: 735 <= 1230 <= 1425 @ https://www.webinarwiz.com/_next/static/chunks/app/w/%5Bslug%5D/page-eeba691d19be9ac7.js:0
[   61010ms] [LOG] ⏰ Within schedule: true @ https://www.webinarwiz.com/_next/static/chunks/app/w/%5Bslug%5D/page-eeba691d19be9ac7.js:0
[   61010ms] [LOG] ⏰ Schedule check result: WITHIN SCHEDULE @ https://www.webinarwiz.com/_next/static/chunks/app/w/%5Bslug%5D/page-eeba691d19be9ac7.js:0
[  121010ms] [LOG] ⏰ Current time in America/New_York: {day: 4, hour: 20, minute: 31} @ https://www.webinarwiz.com/_next/static/chunks/app/w/%5Bslug%5D/page-eeba691d19be9ac7.js:0
[  121010ms] [LOG] ⏰ Time range check: 735 <= 1231 <= 1425 @ https://www.webinarwiz.com/_next/static/chunks/app/w/%5Bslug%5D/page-eeba691d19be9ac7.js:0
[  121010ms] [LOG] ⏰ Within schedule: true @ https://www.webinarwiz.com/_next/static/chunks/app/w/%5Bslug%5D/page-eeba691d19be9ac7.js:0
[  121010ms] [LOG] ⏰ Schedule check result: WITHIN SCHEDULE @ https://www.webinarwiz.com/_next/static/chunks/app/w/%5Bslug%5D/page-eeba691d19be9ac7.js:0
[  181010ms] [LOG] ⏰ Current time in America/New_York: {day: 4, hour: 20, minute: 32} @ https://www.webinarwiz.com/_next/static/chunks/app/w/%5Bslug%5D/page-eeba691d19be9ac7.js:0
[  181011ms] [LOG] ⏰ Time range check: 735 <= 1232 <= 1425 @ https://www.webinarwiz.com/_next/static/chunks/app/w/%5Bslug%5D/page-eeba691d19be9ac7.js:0
[  181011ms] [LOG] ⏰ Within schedule: true @ https://www.webinarwiz.com/_next/static/chunks/app/w/%5Bslug%5D/page-eeba691d19be9ac7.js:0
[  181011ms] [LOG] ⏰ Schedule check result: WITHIN SCHEDULE @ https://www.webinarwiz.com/_next/static/chunks/app/w/%5Bslug%5D/page-eeba691d19be9ac7.js:0
[  241011ms] [LOG] ⏰ Current time in America/New_York: {day: 4, hour: 20, minute: 33} @ https://www.webinarwiz.com/_next/static/chunks/app/w/%5Bslug%5D/page-eeba691d19be9ac7.js:0
[  241011ms] [LOG] ⏰ Time range check: 735 <= 1233 <= 1425 @ https://www.webinarwiz.com/_next/static/chunks/app/w/%5Bslug%5D/page-eeba691d19be9ac7.js:0
[  241011ms] [LOG] ⏰ Within schedule: true @ https://www.webinarwiz.com/_next/static/chunks/app/w/%5Bslug%5D/page-eeba691d19be9ac7.js:0
[  241011ms] [LOG] ⏰ Schedule check result: WITHIN SCHEDULE @ https://www.webinarwiz.com/_next/static/chunks/app/w/%5Bslug%5D/page-eeba691d19be9ac7.js:0
[  301012ms] [LOG] ⏰ Current time in America/New_York: {day: 4, hour: 20, minute: 34} @ https://www.webinarwiz.com/_next/static/chunks/app/w/%5Bslug%5D/page-eeba691d19be9ac7.js:0
[  301013ms] [LOG] ⏰ Time range check: 735 <= 1234 <= 1425 @ https://www.webinarwiz.com/_next/static/chunks/app/w/%5Bslug%5D/page-eeba691d19be9ac7.js:0
[  301013ms] [LOG] ⏰ Within schedule: true @ https://www.webinarwiz.com/_next/static/chunks/app/w/%5Bslug%5D/page-eeba691d19be9ac7.js:0
[  301013ms] [LOG] ⏰ Schedule check result: WITHIN SCHEDULE @ https://www.webinarwiz.com/_next/static/chunks/app/w/%5Bslug%5D/page-eeba691d19be9ac7.js:0
[  361017ms] [LOG] ⏰ Current time in America/New_York: {day: 4, hour: 20, minute: 35} @ https://www.webinarwiz.com/_next/static/chunks/app/w/%5Bslug%5D/page-eeba691d19be9ac7.js:0
[  361020ms] [LOG] ⏰ Time range check: 735 <= 1235 <= 1425 @ https://www.webinarwiz.com/_next/static/chunks/app/w/%5Bslug%5D/page-eeba691d19be9ac7.js:0
[  361020ms] [LOG] ⏰ Within schedule: true @ https://www.webinarwiz.com/_next/static/chunks/app/w/%5Bslug%5D/page-eeba691d19be9ac7.js:0
[  361020ms] [LOG] ⏰ Schedule check result: WITHIN SCHEDULE @ https://www.webinarwiz.com/_next/static/chunks/app/w/%5Bslug%5D/page-eeba691d19be9ac7.js:0
[  421013ms] [LOG] ⏰ Current time in America/New_York: {day: 4, hour: 20, minute: 36} @ https://www.webinarwiz.com/_next/static/chunks/app/w/%5Bslug%5D/page-eeba691d19be9ac7.js:0
[  421013ms] [LOG] ⏰ Time range check: 735 <= 1236 <= 1425 @ https://www.webinarwiz.com/_next/static/chunks/app/w/%5Bslug%5D/page-eeba691d19be9ac7.js:0
[  421013ms] [LOG] ⏰ Within schedule: true @ https://www.webinarwiz.com/_next/static/chunks/app/w/%5Bslug%5D/page-eeba691d19be9ac7.js:0
[  421013ms] [LOG] ⏰ Schedule check result: WITHIN SCHEDULE @ https://www.webinarwiz.com/_next/static/chunks/app/w/%5Bslug%5D/page-eeba691d19be9ac7.js:0
[  481013ms] [LOG] ⏰ Current time in America/New_York: {day: 4, hour: 20, minute: 37} @ https://www.webinarwiz.com/_next/static/chunks/app/w/%5Bslug%5D/page-eeba691d19be9ac7.js:0
[  481013ms] [LOG] ⏰ Time range check: 735 <= 1237 <= 1425 @ https://www.webinarwiz.com/_next/static/chunks/app/w/%5Bslug%5D/page-eeba691d19be9ac7.js:0
[  481013ms] [LOG] ⏰ Within schedule: true @ https://www.webinarwiz.com/_next/static/chunks/app/w/%5Bslug%5D/page-eeba691d19be9ac7.js:0
[  481013ms] [LOG] ⏰ Schedule check result: WITHIN SCHEDULE @ https://www.webinarwiz.com/_next/static/chunks/app/w/%5Bslug%5D/page-eeba691d19be9ac7.js:0
[  541014ms] [LOG] ⏰ Current time in America/New_York: {day: 4, hour: 20, minute: 38} @ https://www.webinarwiz.com/_next/static/chunks/app/w/%5Bslug%5D/page-eeba691d19be9ac7.js:0
[  541015ms] [LOG] ⏰ Time range check: 735 <= 1238 <= 1425 @ https://www.webinarwiz.com/_next/static/chunks/app/w/%5Bslug%5D/page-eeba691d19be9ac7.js:0
[  541015ms] [LOG] ⏰ Within schedule: true @ https://www.webinarwiz.com/_next/static/chunks/app/w/%5Bslug%5D/page-eeba691d19be9ac7.js:0
[  541015ms] [LOG] ⏰ Schedule check result: WITHIN SCHEDULE @ https://www.webinarwiz.com/_next/static/chunks/app/w/%5Bslug%5D/page-eeba691d19be9ac7.js:0
[  601015ms] [LOG] ⏰ Current time in America/New_York: {day: 4, hour: 20, minute: 39} @ https://www.webinarwiz.com/_next/static/chunks/app/w/%5Bslug%5D/page-eeba691d19be9ac7.js:0
[  601015ms] [LOG] ⏰ Time range check: 735 <= 1239 <= 1425 @ https://www.webinarwiz.com/_next/static/chunks/app/w/%5Bslug%5D/page-eeba691d19be9ac7.js:0
[  601015ms] [LOG] ⏰ Within schedule: true @ https://www.webinarwiz.com/_next/static/chunks/app/w/%5Bslug%5D/page-eeba691d19be9ac7.js:0
[  601015ms] [LOG] ⏰ Schedule check result: WITHIN SCHEDULE @ https://www.webinarwiz.com/_next/static/chunks/app/w/%5Bslug%5D/page-eeba691d19be9ac7.js:0
[  661016ms] [LOG] ⏰ Current time in America/New_York: {day: 4, hour: 20, minute: 40} @ https://www.webinarwiz.com/_next/static/chunks/app/w/%5Bslug%5D/page-eeba691d19be9ac7.js:0
[  661016ms] [LOG] ⏰ Time range check: 735 <= 1240 <= 1425 @ https://www.webinarwiz.com/_next/static/chunks/app/w/%5Bslug%5D/page-eeba691d19be9ac7.js:0
[  661016ms] [LOG] ⏰ Within schedule: true @ https://www.webinarwiz.com/_next/static/chunks/app/w/%5Bslug%5D/page-eeba691d19be9ac7.js:0
[  661016ms] [LOG] ⏰ Schedule check result: WITHIN SCHEDULE @ https://www.webinarwiz.com/_next/static/chunks/app/w/%5Bslug%5D/page-eeba691d19be9ac7.js:0
[  721017ms] [LOG] ⏰ Current time in America/New_York: {day: 4, hour: 20, minute: 41} @ https://www.webinarwiz.com/_next/static/chunks/app/w/%5Bslug%5D/page-eeba691d19be9ac7.js:0
[  721017ms] [LOG] ⏰ Time range check: 735 <= 1241 <= 1425 @ https://www.webinarwiz.com/_next/static/chunks/app/w/%5Bslug%5D/page-eeba691d19be9ac7.js:0
[  721017ms] [LOG] ⏰ Within schedule: true @ https://www.webinarwiz.com/_next/static/chunks/app/w/%5Bslug%5D/page-eeba691d19be9ac7.js:0
[  721017ms] [LOG] ⏰ Schedule check result: WITHIN SCHEDULE @ https://www.webinarwiz.com/_next/static/chunks/app/w/%5Bslug%5D/page-eeba691d19be9ac7.js:0
[  781017ms] [LOG] ⏰ Current time in America/New_York: {day: 4, hour: 20, minute: 42} @ https://www.webinarwiz.com/_next/static/chunks/app/w/%5Bslug%5D/page-eeba691d19be9ac7.js:0
[  781017ms] [LOG] ⏰ Time range check: 735 <= 1242 <= 1425 @ https://www.webinarwiz.com/_next/static/chunks/app/w/%5Bslug%5D/page-eeba691d19be9ac7.js:0
[  781017ms] [LOG] ⏰ Within schedule: true @ https://www.webinarwiz.com/_next/static/chunks/app/w/%5Bslug%5D/page-eeba691d19be9ac7.js:0
[  781017ms] [LOG] ⏰ Schedule check result: WITHIN SCHEDULE @ https://www.webinarwiz.com/_next/static/chunks/app/w/%5Bslug%5D/page-eeba691d19be9ac7.js:0
